stm32l0xx_ll_exti.h:891:26:LL_EXTI_IsActiveFlag_0_31	16	static
stm32l0xx_ll_exti.h:971:22:LL_EXTI_ClearFlag_0_31	16	static
stm32l0xx_ll_usart.h:2597:26:LL_USART_IsActiveFlag_RXNE	16	static
stm32l0xx_ll_usart.h:2619:26:LL_USART_IsActiveFlag_TXE	16	static
stm32l0xx_ll_usart.h:3593:25:LL_USART_ReceiveData8	16	static
stm32l0xx_ll_usart.h:3616:22:LL_USART_TransmitData8	16	static
stm32l0xx_ll_gpio.h:902:22:LL_GPIO_TogglePin	24	static
stm32l0xx_it.c:76:6:NMI_Handler	8	static
stm32l0xx_it.c:89:6:HardFault_Handler	8	static
stm32l0xx_it.c:104:6:SVC_Handler	8	static
stm32l0xx_it.c:117:6:PendSV_Handler	8	static
stm32l0xx_it.c:130:6:SysTick_Handler	8	static
stm32l0xx_it.c:163:6:EXTI4_15_IRQHandler	8	static
stm32l0xx_it.c:195:6:USART2_IRQHandler	24	static
